// Jest Snapshot v1, https://goo.gl/fbAQLP

exports[`<Header /> snapshot testing for Header component 1`] = `
<div
  className="header"
>
  <div
    className="left-part"
  >
    <div
      style={
        Object {
          "marginLeft": 10,
          "marginTop": 20,
          "width": 50,
        }
      }
    >
      <WithStyles(IconButton)>
        <pure(MenuIcon)
          onClick={[Function]}
          size="medium"
        />
      </WithStyles(IconButton)>
    </div>
    <img
      alt="Logo"
      height="74"
      src="logo.jpg"
      style={
        Object {
          "marginLeft": 10,
          "marginTop": 10,
        }
      }
      width="74"
    />
  </div>
  <div
    className="right-part"
  >
    <WithStyles(Button)
      color="primary"
      style={
        Object {
          "height": 10,
          "marginLeft": 20,
          "marginTop": 25,
        }
      }
      variant="outlined"
    >
       Get Property
    </WithStyles(Button)>
    <TextField
      label="Search"
      required={false}
      select={false}
      style={
        Object {
          "marginLeft": 40,
          "marginTop": 10,
          "width": 250,
        }
      }
      value=""
      variant="standard"
    />
  </div>
</div>
`;
